
Tere / $ cd ~
Tere ~ $ cd Desktop
Tere Desktop $ cd HTML
Tere HTML $ cd udacity
Tere (master #) udacity $ ls -a
./                       reflection_1.txt
../                      reflection_Using_History_for_Efficiency.txt
.git/                    reflections.txt
CrearRepository.txt      Thumbs.db
figure.txt               Udacity.jpg
mockup-to-article.zip    Udacity_NotePadeProject.html
redwoods_state_park.jpg  web-dev-blog.png

Tere (master #) udacity $ git log
fatal: your current branch 'master' does not have any commits yet


Tere (master #) udacity $ git status
On branch master
Initial commit
Untracked files:
  (use "git add <file>..." to include in what will be committed)

        CrearRepository.txt
        Thumbs.db
        Udacity.jpg
        Udacity_NotePadeProject.html
        figure.txt
        mockup-to-article.zip
        redwoods_state_park.jpg
        reflection_1.txt
        reflection_Using_History_for_Efficiency.txt
        reflections.txt
        web-dev-blog.png

nothing added to commit but untracked files present (use "git add" to track)
Tere (master #) udacity $ git add reflection_1.txt
Tere (master +) udacity $ git add CrearRepository.txt
Tere (master +) udacity $ git status
On branch master

Initial commit

Changes to be committed:
  (use "git rm --cached <file>..." to unstage)

        new file:   CrearRepository.txt
        new file:   reflection_1.txt

Untracked files:
  (use "git add <file>..." to include in what will be committed)

        Thumbs.db
        Udacity.jpg
        Udacity_NotePadeProject.html
        figure.txt
        mockup-to-article.zip
        redwoods_state_park.jpg
        reflection_Using_History_for_Efficiency.txt
        reflections.txt
        web-dev-blog.png

Tere (master +) udacity $ git add reflections.txt
warning: LF will be replaced by CRLF in reflections.txt.
The file will have its original line endings in your working directory.
Tere (master +) udacity $ git status
On branch master

Initial commit

Changes to be committed:
  (use "git rm --cached <file>..." to unstage)

        new file:   CrearRepository.txt
        new file:   reflection_1.txt
        new file:   reflections.txt

Untracked files:
  (use "git add <file>..." to include in what will be committed)

        Thumbs.db
        Udacity.jpg
        Udacity_NotePadeProject.html
        figure.txt
        mockup-to-article.zip
        redwoods_state_park.jpg
        reflection_Using_History_for_Efficiency.txt
        web-dev-blog.png

Tere (master +) udacity $

nothing added to commit but untracked files present (use "git add" to track)
